============================================================
   Tang Dynasty, V6.2.178840
   Copyright (c) 2012-2025 Anlogic Inc.
   Executable = D:/Download/TD/bin/td_commands_prompt.exe
   Built at =   14:07:58 Sep  4 2025
   Run by =     Nizhenghang
   Run Date =   Sun Sep 13 01:35:28 2026

   Run on =     LAPTOP-9S21NQG2
============================================================
RUN-1002 : start command "import_device eagle_s20.db -package EG4S20BG256"
RUN-1001 : Using default speed grade: NA
ARC-1001 : Device Initialization.
ARC-1001 : ------------------------------------------------------------------
ARC-1001 :            OPTION            |          IO          |   SETTING   
ARC-1001 : ------------------------------------------------------------------
ARC-1001 :   cso_b/cclk/mosi/miso/dout  |  T3/R11/T10/P10/S11  |    gpio    
ARC-1001 :             done             |         P13          |    gpio    
ARC-1001 :           program_b          |          T2          |  dedicate  
ARC-1001 :        tdi/tms/tck/tdo       |   C12/A15/C14/E14    |  dedicate  
ARC-1001 : ------------------------------------------------------------------
ARC-1004 : Device setting, marked 5 dedicate IOs in total.
RUN-1002 : start command "open_project UDP_EXAMPLE.prj"
RUN-1002 : start command "commit_param -step design"
RUN-1001 : Print Global Property
RUN-1001 : --------------------------------------------------------
RUN-1001 :   Parameters   |  Settings  |  Default Values  |  Note  
RUN-1001 : --------------------------------------------------------
RUN-1001 :   enable_seed  |    off     |       off        |        
RUN-1001 :     message    |  standard  |     standard     |        
RUN-1001 :   qor_monitor  |     on     |        on        |        
RUN-1001 :   syn_ip_flow  |    off     |       off        |        
RUN-1001 :     thread     |    auto    |       auto       |        
RUN-1001 : --------------------------------------------------------
RUN-1001 : Print Design Property
RUN-1001 : ----------------------------------------------------------------
RUN-1001 :       Parameters       |  Settings  |  Default Values  |  Note  
RUN-1001 : ----------------------------------------------------------------
RUN-1001 :   default_reg_initial  |    auto    |       auto       |        
RUN-1001 :    hdl_warning_level   |   normal   |      normal      |        
RUN-1001 : ----------------------------------------------------------------
RUN-1002 : start command "commit_param -step design"
RUN-1001 : Print Global Property
RUN-1001 : --------------------------------------------------------
RUN-1001 :   Parameters   |  Settings  |  Default Values  |  Note  
RUN-1001 : --------------------------------------------------------
RUN-1001 :   enable_seed  |    off     |       off        |        
RUN-1001 :     message    |  standard  |     standard     |        
RUN-1001 :   qor_monitor  |     on     |        on        |        
RUN-1001 :   syn_ip_flow  |    off     |       off        |        
RUN-1001 :     thread     |    auto    |       auto       |        
RUN-1001 : --------------------------------------------------------
RUN-1001 : Print Design Property
RUN-1001 : ----------------------------------------------------------------
RUN-1001 :       Parameters       |  Settings  |  Default Values  |  Note  
RUN-1001 : ----------------------------------------------------------------
RUN-1001 :   default_reg_initial  |    auto    |       auto       |        
RUN-1001 :    hdl_warning_level   |   normal   |      normal      |        
RUN-1001 : ----------------------------------------------------------------
HDL-1007 : analyze verilog file ../../al_ip/TEMAC_CORE/RTL/mac_core_aead6cd6dadd.v
HDL-1007 : analyze verilog file ../../al_ip/TEMAC_CORE/RTL/TEMAC_CORE_aead6cd6dadd.v
Copyright (c) 1998-2019 The OpenSSL Project.  All rights reserved.
This product includes software developed by the OpenSSL Project
for use in the OpenSSL Toolkit (http://www.openssl.org/)
Copyright (C) 1995-1998 Eric Young (eay@cryptsoft.com)
All rights reserved.
This product includes cryptographic software written by Eric Young (eay@cryptsoft.com)
HDL-5007 WARNING: column 1032 exceeds maximum value 1023 in ../../al_ip/TEMAC_CORE/RTL/TEMAC_CORE_aead6cd6dadd.v(30)
HDL-5007 WARNING: column 1037 exceeds maximum value 1023 in ../../al_ip/TEMAC_CORE/RTL/TEMAC_CORE_aead6cd6dadd.v(77)
HDL-1007 : back to file '../../al_ip/TEMAC_CORE/RTL/TEMAC_CORE_aead6cd6dadd.v' in ../../al_ip/TEMAC_CORE/RTL/TEMAC_CORE_aead6cd6dadd.v(86)
HDL-5007 WARNING: event expressions must result in a singular type in ../../al_ip/TEMAC_CORE/RTL/TEMAC_CORE_aead6cd6dadd.v(3001)
HDL-1007 : undeclared symbol '**', assumed default net type '**' in ../../al_ip/TEMAC_CORE/RTL/TEMAC_CORE_aead6cd6dadd.v(5050)
HDL-1007 : undeclared symbol '**', assumed default net type '**' in ../../al_ip/TEMAC_CORE/RTL/TEMAC_CORE_aead6cd6dadd.v(5458)
HDL-5007 WARNING: column 1035 exceeds maximum value 1023 in ../../al_ip/TEMAC_CORE/RTL/TEMAC_CORE_aead6cd6dadd.v(6001)
HDL-5007 WARNING: column 1029 exceeds maximum value 1023 in ../../al_ip/TEMAC_CORE/RTL/TEMAC_CORE_aead6cd6dadd.v(6002)
HDL-5007 WARNING: column 1032 exceeds maximum value 1023 in ../../al_ip/TEMAC_CORE/RTL/TEMAC_CORE_aead6cd6dadd.v(6018)
HDL-5007 WARNING: column 1031 exceeds maximum value 1023 in ../../al_ip/TEMAC_CORE/RTL/TEMAC_CORE_aead6cd6dadd.v(7368)
HDL-5007 WARNING: column 1035 exceeds maximum value 1023 in ../../al_ip/TEMAC_CORE/RTL/TEMAC_CORE_aead6cd6dadd.v(7372)
HDL-5007 WARNING: column 1040 exceeds maximum value 1023 in ../../al_ip/TEMAC_CORE/RTL/TEMAC_CORE_aead6cd6dadd.v(8049)
HDL-5007 WARNING: column 1035 exceeds maximum value 1023 in ../../al_ip/TEMAC_CORE/RTL/TEMAC_CORE_aead6cd6dadd.v(9663)
HDL-5007 WARNING: column 1033 exceeds maximum value 1023 in ../../al_ip/TEMAC_CORE/RTL/TEMAC_CORE_aead6cd6dadd.v(9665)
HDL-5007 WARNING: column 1027 exceeds maximum value 1023 in ../../al_ip/TEMAC_CORE/RTL/TEMAC_CORE_aead6cd6dadd.v(9695)
HDL-1007 : back to file '../../al_ip/TEMAC_CORE/RTL/TEMAC_CORE_aead6cd6dadd.v' in ../../al_ip/TEMAC_CORE/RTL/TEMAC_CORE_aead6cd6dadd.v(260)
HDL-1007 : analyze verilog file ../../al_ip/TEMAC_CORE/TEMAC_CORE.v
HDL-1007 : analyze verilog file ../../al_ip/clk_pll.v
HDL-1007 : undeclared symbol 'open', assumed default net type 'wire' in ../../al_ip/clk_pll.v(85)
HDL-1007 : analyze verilog file ../../al_ip/fifo_sdr_data_2.v
HDL-1007 : analyze verilog file ../../al_ip/pll_50.v
HDL-1007 : undeclared symbol 'open', assumed default net type 'wire' in ../../al_ip/pll_50.v(85)
HDL-1007 : analyze verilog file ../../al_ip/pll_gen.v
HDL-1007 : undeclared symbol 'pll_gen_open0', assumed default net type 'wire' in ../../al_ip/pll_gen.v(99)
HDL-1007 : undeclared symbol 'pll_gen_open8', assumed default net type 'wire' in ../../al_ip/pll_gen.v(105)
HDL-1007 : undeclared symbol 'pll_gen_open7', assumed default net type 'wire' in ../../al_ip/pll_gen.v(105)
HDL-1007 : undeclared symbol 'pll_gen_open6', assumed default net type 'wire' in ../../al_ip/pll_gen.v(105)
HDL-1007 : undeclared symbol 'pll_gen_open5', assumed default net type 'wire' in ../../al_ip/pll_gen.v(105)
HDL-1007 : undeclared symbol 'pll_gen_open4', assumed default net type 'wire' in ../../al_ip/pll_gen.v(105)
HDL-1007 : undeclared symbol 'pll_gen_open3', assumed default net type 'wire' in ../../al_ip/pll_gen.v(105)
HDL-1007 : undeclared symbol 'pll_gen_open2', assumed default net type 'wire' in ../../al_ip/pll_gen.v(105)
HDL-1007 : undeclared symbol 'pll_gen_open1', assumed default net type 'wire' in ../../al_ip/pll_gen.v(105)
HDL-1007 : analyze verilog file ../../al_ip/rx_pll.v
HDL-1007 : undeclared symbol 'open', assumed default net type 'wire' in ../../al_ip/rx_pll.v(78)
HDL-1007 : analyze verilog file ../../../../source_code/rtl/clk_gen_rst_gen.v
HDL-1007 : analyze verilog file ../../../../source_code/rtl/div_clk_gen.v
HDL-1007 : analyze verilog file ../../../../source_code/rtl/IDDR.v
HDL-1007 : analyze verilog file ../../../../source_code/rtl/ODDR.v
HDL-1007 : analyze verilog file ../../../../source_code/rtl/RAMB16_S9_S9.v
HDL-1007 : undeclared symbol 'open', assumed default net type 'wire' in ../../../../source_code/rtl/RAMB16_S9_S9.v(109)
HDL-1007 : analyze verilog file ../../../../source_code/rtl/rgmii_interface.v
HDL-1007 : analyze verilog file ../../../../source_code/rtl/rx_client_fifo.v
HDL-5370 WARNING: parameter 'WAIT_s' becomes localparam in 'rx_client_fifo' with formal parameter declaration list in ../../../../source_code/rtl/rx_client_fifo.v(49)
HDL-5370 WARNING: parameter 'QUEUE1_s' becomes localparam in 'rx_client_fifo' with formal parameter declaration list in ../../../../source_code/rtl/rx_client_fifo.v(50)
HDL-5370 WARNING: parameter 'QUEUE2_s' becomes localparam in 'rx_client_fifo' with formal parameter declaration list in ../../../../source_code/rtl/rx_client_fifo.v(51)
HDL-5370 WARNING: parameter 'QUEUE3_s' becomes localparam in 'rx_client_fifo' with formal parameter declaration list in ../../../../source_code/rtl/rx_client_fifo.v(52)
HDL-5370 WARNING: parameter 'QUEUE_SOF_s' becomes localparam in 'rx_client_fifo' with formal parameter declaration list in ../../../../source_code/rtl/rx_client_fifo.v(53)
HDL-5370 WARNING: parameter 'SOF_s' becomes localparam in 'rx_client_fifo' with formal parameter declaration list in ../../../../source_code/rtl/rx_client_fifo.v(54)
HDL-5370 WARNING: parameter 'DATA_s' becomes localparam in 'rx_client_fifo' with formal parameter declaration list in ../../../../source_code/rtl/rx_client_fifo.v(55)
HDL-5370 WARNING: parameter 'EOF_s' becomes localparam in 'rx_client_fifo' with formal parameter declaration list in ../../../../source_code/rtl/rx_client_fifo.v(56)
HDL-5370 WARNING: parameter 'IDLE_s' becomes localparam in 'rx_client_fifo' with formal parameter declaration list in ../../../../source_code/rtl/rx_client_fifo.v(62)
HDL-5370 WARNING: parameter 'FRAME_s' becomes localparam in 'rx_client_fifo' with formal parameter declaration list in ../../../../source_code/rtl/rx_client_fifo.v(63)
HDL-5370 Similar messages will be suppressed.
HDL-1007 : analyze verilog file ../../../../source_code/rtl/temac_block.v
HDL-1007 : analyze verilog file ../../../../source_code/rtl/temac_clk_gen.v
HDL-1007 : analyze verilog file ../../../../source_code/rtl/tx_client_fifo.v
HDL-5370 WARNING: parameter 'IDLE_s' becomes localparam in 'tx_client_fifo' with formal parameter declaration list in ../../../../source_code/rtl/tx_client_fifo.v(53)
HDL-5370 WARNING: parameter 'QUEUE1_s' becomes localparam in 'tx_client_fifo' with formal parameter declaration list in ../../../../source_code/rtl/tx_client_fifo.v(54)
HDL-5370 WARNING: parameter 'QUEUE2_s' becomes localparam in 'tx_client_fifo' with formal parameter declaration list in ../../../../source_code/rtl/tx_client_fifo.v(55)
HDL-5370 WARNING: parameter 'QUEUE3_s' becomes localparam in 'tx_client_fifo' with formal parameter declaration list in ../../../../source_code/rtl/tx_client_fifo.v(56)
HDL-5370 WARNING: parameter 'QUEUE_ACK_s' becomes localparam in 'tx_client_fifo' with formal parameter declaration list in ../../../../source_code/rtl/tx_client_fifo.v(57)
HDL-5370 WARNING: parameter 'WAIT_ACK_s' becomes localparam in 'tx_client_fifo' with formal parameter declaration list in ../../../../source_code/rtl/tx_client_fifo.v(58)
HDL-5370 WARNING: parameter 'FRAME_s' becomes localparam in 'tx_client_fifo' with formal parameter declaration list in ../../../../source_code/rtl/tx_client_fifo.v(59)
HDL-5370 WARNING: parameter 'DROP_s' becomes localparam in 'tx_client_fifo' with formal parameter declaration list in ../../../../source_code/rtl/tx_client_fifo.v(60)
HDL-5370 WARNING: parameter 'RETRANSMIT_s' becomes localparam in 'tx_client_fifo' with formal parameter declaration list in ../../../../source_code/rtl/tx_client_fifo.v(61)
HDL-5370 WARNING: parameter 'WAIT_s' becomes localparam in 'tx_client_fifo' with formal parameter declaration list in ../../../../source_code/rtl/tx_client_fifo.v(67)
HDL-5370 Similar messages will be suppressed.
HDL-1007 : analyze verilog file ../../../../source_code/rtl/tx_clk_en_gen.v
HDL-1007 : analyze verilog file ../../../../source_code/rtl/udp_ip_protocol_stack_merge.enc.v
HDL-1007 : back to file '../../../../source_code/rtl/udp_ip_protocol_stack_merge.enc.v' in ../../../../source_code/rtl/udp_ip_protocol_stack_merge.enc.v(56)
HDL-1007 : undeclared symbol '**', assumed default net type '**' in ../../../../source_code/rtl/udp_ip_protocol_stack_merge.enc.v(2638)
HDL-1007 : back to file '../../../../source_code/rtl/udp_ip_protocol_stack_merge.enc.v' in ../../../../source_code/rtl/udp_ip_protocol_stack_merge.enc.v(420)
HDL-1007 : analyze verilog file ../../../../source_code/rtl/sdr/rtl/app_wrrd.v
HDL-1007 : analyze included file ../../../../source_code/rtl/sdr/rtl/../include/global_def.v in ../../../../source_code/rtl/sdr/rtl/app_wrrd.v(10)
HDL-1007 : back to file '../../../../source_code/rtl/sdr/rtl/app_wrrd.v' in ../../../../source_code/rtl/sdr/rtl/app_wrrd.v(10)
HDL-5372 WARNING: redeclaration of ANSI port 'full_flag' is not allowed in ../../../../source_code/rtl/sdr/rtl/app_wrrd.v(57)
HDL-1007 : undeclared symbol 'afull', assumed default net type 'wire' in ../../../../source_code/rtl/sdr/rtl/app_wrrd.v(70)
HDL-1007 : undeclared symbol 'aempty', assumed default net type 'wire' in ../../../../source_code/rtl/sdr/rtl/app_wrrd.v(71)
HDL-5333 WARNING: data object 'w_addr_cnt' is already declared in ../../../../source_code/rtl/sdr/rtl/app_wrrd.v(137)
HDL-1007 : previous declaration of 'w_addr_cnt' is from here in ../../../../source_code/rtl/sdr/rtl/app_wrrd.v(38)
HDL-5007 WARNING: second declaration of 'w_addr_cnt' is ignored in ../../../../source_code/rtl/sdr/rtl/app_wrrd.v(137)
HDL-1007 : analyze verilog file ../../../../source_code/rtl/sdr/rtl/sdram_top.v
HDL-1007 : analyze included file ../../../../source_code/rtl/sdr/rtl/../include/global_def.v in ../../../../source_code/rtl/sdr/rtl/sdram_top.v(10)
HDL-1007 : back to file '../../../../source_code/rtl/sdr/rtl/sdram_top.v' in ../../../../source_code/rtl/sdr/rtl/sdram_top.v(10)
HDL-1007 : undeclared symbol 'Rst_n', assumed default net type 'wire' in ../../../../source_code/rtl/sdr/rtl/sdram_top.v(71)
HDL-5372 WARNING: redeclaration of ANSI port 'wr_done' is not allowed in ../../../../source_code/rtl/sdr/rtl/sdram_top.v(93)
HDL-1007 : undeclared symbol 'SDR_CKE', assumed default net type 'wire' in ../../../../source_code/rtl/sdr/rtl/sdram_top.v(152)
HDL-1007 : analyze verilog file ../../../../source_code/rtl/sdr/rtl/enc_file/sdr_as_ram.enc.v
HDL-1007 : back to file '../../../../source_code/rtl/sdr/rtl/enc_file/sdr_as_ram.enc.v' in ../../../../source_code/rtl/sdr/rtl/enc_file/sdr_as_ram.enc.v(45)
HDL-1007 : analyze verilog file ../../../../source_code/rtl/sdr/rtl/enc_file/sdr_init_ref.enc.v
HDL-1007 : undeclared symbol '**', assumed default net type '**' in ../../../../source_code/rtl/sdr/rtl/enc_file/sdr_init_ref.enc.v(57)
HDL-1007 : back to file '../../../../source_code/rtl/sdr/rtl/enc_file/sdr_init_ref.enc.v' in ../../../../source_code/rtl/sdr/rtl/enc_file/sdr_init_ref.enc.v(148)
HDL-5007 WARNING: concatenation with an unsized literal will be treated as 32 bits in ../../../../source_code/rtl/sdr/rtl/enc_file/sdr_init_ref.enc.v(47)
HDL-1007 : analyze verilog file ../../../../source_code/rtl/sdr/rtl/enc_file/sdr_wrrd.enc.v
HDL-5007 WARNING: concatenation with an unsized literal will be treated as 32 bits in ../../../../source_code/rtl/sdr/rtl/enc_file/sdr_wrrd.enc.v(283)
HDL-1007 : back to file '../../../../source_code/rtl/sdr/rtl/enc_file/sdr_wrrd.enc.v' in ../../../../source_code/rtl/sdr/rtl/enc_file/sdr_wrrd.enc.v(19)
HDL-1007 : analyze verilog file ../../../../source_code/rtl/board_b_top.v
HDL-1007 : analyze verilog file ../../../../source_code/rtl/bmp_decode.v
HDL-1007 : analyze verilog file ../../../../source_code/rtl/rx_frame_to_bmp.v
HDL-1007 : analyze verilog file ../../../../source_code/rtl/rx_byte_cdc.v
HDL-1007 : analyze verilog file ../../../../source_code/rtl/scaler_nn.v
HDL-1007 : analyze verilog file ../../../../source_code/rtl/sdram_to_spi.v
HDL-1007 : analyze verilog file ../../../../source_code/rtl/spi_master_tx.v
PRJ-1401 : Successfully analyzed 32 source files.
RUN-1002 : start command "set_param gate map_opt_area high"
RUN-1002 : start command "set_param gate mapmacro_opt_timing high"
RUN-1002 : start command "commit_param -step design"
RUN-1001 : Print Global Property
RUN-1001 : --------------------------------------------------------
RUN-1001 :   Parameters   |  Settings  |  Default Values  |  Note  
RUN-1001 : --------------------------------------------------------
RUN-1001 :   enable_seed  |    off     |       off        |        
RUN-1001 :     message    |  standard  |     standard     |        
RUN-1001 :   qor_monitor  |     on     |        on        |        
RUN-1001 :   syn_ip_flow  |    off     |       off        |        
RUN-1001 :     thread     |    auto    |       auto       |        
RUN-1001 : --------------------------------------------------------
RUN-1001 : Print Design Property
RUN-1001 : ----------------------------------------------------------------
RUN-1001 :       Parameters       |  Settings  |  Default Values  |  Note  
RUN-1001 : ----------------------------------------------------------------
RUN-1001 :   default_reg_initial  |    auto    |       auto       |        
RUN-1001 :    hdl_warning_level   |   normal   |      normal      |        
RUN-1001 : ----------------------------------------------------------------
RUN-1002 : start command "elaborate -top board_b_top"
HDL-1007 : port 'clk2_out' remains unconnected for this instance in ../../../../source_code/rtl/board_b_top.v(516)
HDL-1007 : port 'tri_speed' remains unconnected for this instance in ../../../../source_code/rtl/board_b_top.v(523)
HDL-1007 : port 'mdio_o' remains unconnected for this instance in ../../../../source_code/rtl/board_b_top.v(523)
HDL-1007 : port 'mdio_oen' remains unconnected for this instance in ../../../../source_code/rtl/board_b_top.v(523)
HDL-1007 : port 'mdio_clk' remains unconnected for this instance in ../../../../source_code/rtl/board_b_top.v(523)
HDL-1007 : elaborate module board_b_top in ../../../../source_code/rtl/board_b_top.v(51)
HDL-1007 : elaborate module pll_50 in ../../al_ip/pll_50.v(24)
HDL-1007 : elaborate module EG_LOGIC_BUFG in D:\Download\TD\arch/eagle_macro.v(5)
HDL-1007 : elaborate module EG_PHY_PLL(FIN="50.000000",CLKC0_DIV=20,CLKC1_DIV=20,CLKC2_DIV=4,CLKC0_ENABLE="ENABLE",CLKC1_ENABLE="ENABLE",CLKC2_ENABLE="ENABLE",FEEDBK_PATH="CLKC0_EXT",STDBY_ENABLE="DISABLE",CLKC0_CPHASE=19,CLKC1_CPHASE=9,CLKC2_CPHASE=3,GMC_GAIN=4,ICP_CURRENT=13,KVCO=4,LPF_CAPACITOR=1,LPF_RESISTOR=4,SYNC_ENABLE="DISABLE") in D:\Download\TD\arch/eagle_macro.v(889)
HDL-1007 : elaborate module clk_gen_rst_gen in ../../../../source_code/rtl/clk_gen_rst_gen.v(31)
HDL-1007 : elaborate module pll_gen in ../../al_ip/pll_gen.v(26)
HDL-1007 : elaborate module EG_PHY_PLL(FIN="50.000000",REFCLK_DIV=2,FBCLK_DIV=5,CLKC0_DIV=8,CLKC1_DIV=8,CLKC2_DIV=80,CLKC3_DIV=40,CLKC4_DIV=8,CLKC0_ENABLE="ENABLE",CLKC1_ENABLE="ENABLE",CLKC2_ENABLE="ENABLE",CLKC3_ENABLE="ENABLE",CLKC4_ENABLE="ENABLE",FEEDBK_PATH="CLKC0_EXT",STDBY_ENABLE="DISABLE",CLKC0_CPHASE=7,CLKC1_CPHASE=7,CLKC2_CPHASE=79,CLKC3_CPHASE=39,GMC_GAIN=2,ICP_CURRENT=9,KVCO=2,LPF_CAPACITOR=1,LPF_RESISTOR=8,SYNC_ENABLE="DISABLE") in D:\Download\TD\arch/eagle_macro.v(889)
HDL-1007 : elaborate module div_clk_gen in ../../../../source_code/rtl/div_clk_gen.v(31)
HDL-1007 : elaborate module rx_byte_cdc in ../../../../source_code/rtl/rx_byte_cdc.v(41)
HDL-1007 : port 'doa' remains unconnected for this instance in ../../al_ip/fifo_sdr_data_2.v(226)
HDL-1007 : port 'dib' remains unconnected for this instance in ../../al_ip/fifo_sdr_data_2.v(226)
HDL-1007 : elaborate module fifo_sdr_data_2(DATA_WIDTH_W=8,DATA_WIDTH_R=8) in ../../al_ip/fifo_sdr_data_2.v(13)
HDL-1007 : elaborate module fifo_cross_domain_addr_process_al_fifo_sdr_data_2(ADDR_WIDTH=12) in ../../al_ip/fifo_sdr_data_2.v(250)
HDL-1007 : elaborate module ram_infer_fifo_sdr_data_2(DATAWIDTH_A=8,ADDRWIDTH_A=12,DATAWIDTH_B=8,ADDRWIDTH_B=12) in ../../al_ip/fifo_sdr_data_2.v(333)
HDL-1007 : extracting RAM for identifier 'memory' in ../../al_ip/fifo_sdr_data_2.v(398)
HDL-5317 WARNING: input port 'dib[7]' is not connected on this instance in ../../al_ip/fifo_sdr_data_2.v(231)
HDL-1007 : elaborate module rx_frame_to_bmp in ../../../../source_code/rtl/rx_frame_to_bmp.v(56)
HDL-1007 : elaborate module bmp_decode in ../../../../source_code/rtl/bmp_decode.v(62)
HDL-1007 : elaborate module scaler_nn in ../../../../source_code/rtl/scaler_nn.v(88)
HDL-1007 : extracting RAM for identifier 'skid' in ../../../../source_code/rtl/scaler_nn.v(231)
HDL-1007 : extracting RAM for identifier 'line_buf' in ../../../../source_code/rtl/scaler_nn.v(325)
HDL-1007 : elaborate module sdram_top in ../../../../source_code/rtl/sdr/rtl/sdram_top.v(12)
HDL-1007 : elaborate module clk_pll in ../../al_ip/clk_pll.v(24)
HDL-1007 : elaborate module EG_PHY_PLL(FIN="50.000000",REFCLK_DIV=4,CLKC0_DIV=80,CLKC1_DIV=8,CLKC2_DIV=8,CLKC0_ENABLE="ENABLE",CLKC1_ENABLE="ENABLE",CLKC2_ENABLE="ENABLE",FEEDBK_PATH="CLKC0_EXT",STDBY_ENABLE="DISABLE",CLKC0_CPHASE=79,CLKC1_CPHASE=7,CLKC2_CPHASE=3,GMC_GAIN=0,ICP_CURRENT=9,KVCO=2,LPF_CAPACITOR=2,LPF_RESISTOR=8,SYNC_ENABLE="DISABLE") in D:\Download\TD\arch/eagle_macro.v(889)
HDL-1007 : elaborate module app_wrrd in ../../../../source_code/rtl/sdr/rtl/app_wrrd.v(12)
HDL-1007 : elaborate module fifo_sdr_data_2 in ../../al_ip/fifo_sdr_data_2.v(13)
HDL-1007 : elaborate module ram_infer_fifo_sdr_data_2(DATAWIDTH_A=24,ADDRWIDTH_A=12,DATAWIDTH_B=24,ADDRWIDTH_B=12) in ../../al_ip/fifo_sdr_data_2.v(333)
HDL-1007 : extracting RAM for identifier 'memory' in ../../al_ip/fifo_sdr_data_2.v(398)
HDL-5317 WARNING: input port 'dib[23]' is not connected on this instance in ../../al_ip/fifo_sdr_data_2.v(231)
HDL-5007 WARNING: actual bit length 32 differs from formal bit length 24 for port 'dout' in ../../../../source_code/rtl/sdr/rtl/app_wrrd.v(66)
HDL-5007 WARNING: actual bit length 10 differs from formal bit length 12 for port 'rdusedw' in ../../../../source_code/rtl/sdr/rtl/app_wrrd.v(73)
HDL-1007 : elaborate module sdr_as_ram(self_refresh_open=1'b1) in ../../../../source_code/rtl/sdr/rtl/enc_file/sdr_as_ram.enc.v(12)
HDL-5007 WARNING: concatenation with an unsized literal will be treated as 32 bits in ../../../../source_code/rtl/sdr/rtl/enc_file/sdr_init_ref.enc.v(47)
HDL-1007 : elaborate module sdr_init_ref(self_refresh_open=1'b1) in ../../../../source_code/rtl/sdr/rtl/enc_file/sdr_init_ref.enc.v(12)
HDL-5007 WARNING: concatenation with an unsized literal will be treated as 32 bits in ../../../../source_code/rtl/sdr/rtl/enc_file/sdr_wrrd.enc.v(283)
HDL-1007 : elaborate module ** in ../../../../source_code/rtl/sdr/rtl/enc_file/sdr_wrrd.enc.v(3)
HDL-5317 WARNING: input port '**' is not connected on this instance in ../../../../source_code/rtl/sdr/rtl/enc_file/sdr_as_ram.enc.v(17)
HDL-1007 : elaborate module EG_PHY_SDRAM_2M_32 in D:\Download\TD\arch/eagle_macro.v(683)
HDL-5314 WARNING: net 'Check_ok' does not have a driver in ../../../../source_code/rtl/sdr/rtl/sdram_top.v(57)
HDL-1007 : elaborate module sdram_to_spi in ../../../../source_code/rtl/sdram_to_spi.v(33)
HDL-1007 : elaborate module spi_master_tx in ../../../../source_code/rtl/spi_master_tx.v(54)
HDL-1007 : port '**' remains unconnected for this instance in ../../../../source_code/rtl/udp_ip_protocol_stack_merge.enc.v(284)
HDL-1007 : port '**' remains unconnected for this instance in ../../../../source_code/rtl/udp_ip_protocol_stack_merge.enc.v(284)
HDL-1007 : port '**' remains unconnected for this instance in ../../../../source_code/rtl/udp_ip_protocol_stack_merge.enc.v(284)
HDL-1007 : elaborate module udp_ip_protocol_stack(LOCAL_UDP_PORT_NUM=16'b01,LOCAL_IP_ADDRESS=32'b11000000101010001111000000000001) in ../../../../source_code/rtl/udp_ip_protocol_stack_merge.enc.v(2)
HDL-1007 : elaborate module ** in ../../../../source_code/rtl/udp_ip_protocol_stack_merge.enc.v(3861)
HDL-1007 : elaborate module ** in ../../../../source_code/rtl/udp_ip_protocol_stack_merge.enc.v(4077)
HDL-1007 : elaborate module ** in ../../../../source_code/rtl/udp_ip_protocol_stack_merge.enc.v(3465)
HDL-1007 : elaborate module ** in ../../../../source_code/rtl/udp_ip_protocol_stack_merge.enc.v(3963)
HDL-1007 : port '**' remains unconnected for this instance in ../../../../source_code/rtl/udp_ip_protocol_stack_merge.enc.v(1251)
HDL-1007 : port '**' remains unconnected for this instance in ../../../../source_code/rtl/udp_ip_protocol_stack_merge.enc.v(1251)
HDL-1007 : elaborate module ** in ../../../../source_code/rtl/udp_ip_protocol_stack_merge.enc.v(1172)
HDL-1007 : elaborate module ** in ../../../../source_code/rtl/udp_ip_protocol_stack_merge.enc.v(2405)
HDL-1007 : elaborate module ** in ../../../../source_code/rtl/udp_ip_protocol_stack_merge.enc.v(2482)
HDL-1007 : elaborate module EG_LOGIC_BRAM(DATA_WIDTH_A=8,DATA_WIDTH_B=8,ADDR_WIDTH_A=11,ADDR_WIDTH_B=11,DATA_DEPTH_A=2048,DATA_DEPTH_B=2048,MODE="PDPW",RESETMODE="ASYNC") in D:\Download\TD\arch/eagle_macro.v(986)
HDL-5007 WARNING: actual bit length ** differs from formal bit length *** for port '**' in ../../../../source_code/rtl/udp_ip_protocol_stack_merge.enc.v(2666)
HDL-5007 WARNING: actual bit length ** differs from formal bit length *** for port '**' in ../../../../source_code/rtl/udp_ip_protocol_stack_merge.enc.v(2671)
HDL-1007 : elaborate module ** in ../../../../source_code/rtl/udp_ip_protocol_stack_merge.enc.v(3068)
HDL-1007 : elaborate module ** in ../../../../source_code/rtl/udp_ip_protocol_stack_merge.enc.v(1601)
HDL-1007 : elaborate module ** in ../../../../source_code/rtl/udp_ip_protocol_stack_merge.enc.v(3465)
HDL-1007 : elaborate module ** in ../../../../source_code/rtl/udp_ip_protocol_stack_merge.enc.v(909)
HDL-1007 : elaborate module ** in ../../../../source_code/rtl/udp_ip_protocol_stack_merge.enc.v(1374)
HDL-1007 : elaborate module ** in ../../../../source_code/rtl/udp_ip_protocol_stack_merge.enc.v(1079)
HDL-1007 : elaborate module ** in ../../../../source_code/rtl/udp_ip_protocol_stack_merge.enc.v(713)
HDL-1007 : elaborate module ** in ../../../../source_code/rtl/udp_ip_protocol_stack_merge.enc.v(26)
HDL-1007 : elaborate module ** in ../../../../source_code/rtl/udp_ip_protocol_stack_merge.enc.v(436)
HDL-1007 : elaborate module ** in ../../../../source_code/rtl/udp_ip_protocol_stack_merge.enc.v(223)
HDL-1007 : elaborate module ** in ../../../../source_code/rtl/udp_ip_protocol_stack_merge.enc.v(1920)
HDL-1007 : elaborate module ** in ../../../../source_code/rtl/udp_ip_protocol_stack_merge.enc.v(3190)
HDL-1007 : elaborate module ** in ../../../../source_code/rtl/udp_ip_protocol_stack_merge.enc.v(3113)
HDL-1007 : elaborate module ** in ../../../../source_code/rtl/udp_ip_protocol_stack_merge.enc.v(3537)
HDL-1007 : elaborate module ** in ../../../../source_code/rtl/udp_ip_protocol_stack_merge.enc.v(3465)
HDL-1007 : elaborate module ** in ../../../../source_code/rtl/udp_ip_protocol_stack_merge.enc.v(3465)
HDL-1007 : elaborate module rx_pll in ../../al_ip/rx_pll.v(24)
HDL-1007 : elaborate module EG_PHY_PLL(FIN="125.000",CLKC0_DIV=8,CLKC1_DIV=8,CLKC2_DIV=4,CLKC0_ENABLE="ENABLE",CLKC1_ENABLE="ENABLE",CLKC2_ENABLE="ENABLE",FEEDBK_PATH="CLKC0_EXT",STDBY_ENABLE="DISABLE",CLKC0_CPHASE=7,CLKC1_CPHASE=7,CLKC2_CPHASE=3,GMC_GAIN=6,GMC_TEST=15,ICP_CURRENT=13,KVCO=4,LPF_CAPACITOR=1,LPF_RESISTOR=2,SYNC_ENABLE="DISABLE") in D:\Download\TD\arch/eagle_macro.v(889)
HDL-1007 : elaborate module temac_block in ../../../../source_code/rtl/temac_block.v(2)
HDL-1007 : elaborate module tx_clk_en_gen in ../../../../source_code/rtl/tx_clk_en_gen.v(16)
HDL-1007 : elaborate module rgmii_interface in ../../../../source_code/rtl/rgmii_interface.v(14)
HDL-1007 : elaborate module ODDR in ../../../../source_code/rtl/ODDR.v(23)
HDL-1007 : elaborate module EG_LOGIC_ODDR in D:\Download\TD\arch/eagle_macro.v(66)
HDL-1007 : elaborate module IDDR(DEVICE="EG4") in ../../../../source_code/rtl/IDDR.v(23)
HDL-1007 : elaborate module EG_LOGIC_IDDR in D:\Download\TD\arch/eagle_macro.v(57)
HDL-1007 : elaborate module TEMAC_CORE in ../../al_ip/TEMAC_CORE/TEMAC_CORE.v(9)
HDL-1007 : elaborate module mac_core_aead6cd6dadd(P_HOST_EN=1'b0,P_ADD_FILT_LIST=0) in ../../al_ip/TEMAC_CORE/RTL/mac_core_aead6cd6dadd.v(14)
HDL-1007 : elaborate module TEMAC_CORE_aead6cd6dadd(P_HALF_DUPLEX=1'b1) in ../../al_ip/TEMAC_CORE/RTL/TEMAC_CORE_aead6cd6dadd.v(1)
HDL-1007 : elaborate module ** in ../../al_ip/TEMAC_CORE/RTL/TEMAC_CORE_aead6cd6dadd.v(9306)
HDL-1007 : elaborate module ** in ../../al_ip/TEMAC_CORE/RTL/TEMAC_CORE_aead6cd6dadd.v(186)
HDL-1007 : elaborate module ** in ../../al_ip/TEMAC_CORE/RTL/TEMAC_CORE_aead6cd6dadd.v(5470)
HDL-1007 : elaborate module ** in ../../al_ip/TEMAC_CORE/RTL/TEMAC_CORE_aead6cd6dadd.v(6852)
HDL-1007 : elaborate module ** in ../../al_ip/TEMAC_CORE/RTL/TEMAC_CORE_aead6cd6dadd.v(7513)
HDL-1007 : elaborate module ** in ../../al_ip/TEMAC_CORE/RTL/TEMAC_CORE_aead6cd6dadd.v(3818)
HDL-1007 : elaborate module ** in ../../al_ip/TEMAC_CORE/RTL/TEMAC_CORE_aead6cd6dadd.v(3754)
HDL-1007 : elaborate module ** in ../../al_ip/TEMAC_CORE/RTL/TEMAC_CORE_aead6cd6dadd.v(3865)
HDL-1007 : elaborate module ** in ../../al_ip/TEMAC_CORE/RTL/TEMAC_CORE_aead6cd6dadd.v(3808)
HDL-1007 : elaborate module ** in ../../al_ip/TEMAC_CORE/RTL/TEMAC_CORE_aead6cd6dadd.v(3829)
HDL-5007 WARNING: specify block is ignored for synthesis in ../../al_ip/TEMAC_CORE/RTL/TEMAC_CORE_aead6cd6dadd.v(3840)
HDL-1007 : elaborate module ** in ../../al_ip/TEMAC_CORE/RTL/TEMAC_CORE_aead6cd6dadd.v(7839)
HDL-1007 : elaborate module ** in ../../al_ip/TEMAC_CORE/RTL/TEMAC_CORE_aead6cd6dadd.v(1251)
HDL-1007 : elaborate module ** in ../../al_ip/TEMAC_CORE/RTL/TEMAC_CORE_aead6cd6dadd.v(8904)
HDL-1007 : elaborate module ** in ../../al_ip/TEMAC_CORE/RTL/TEMAC_CORE_aead6cd6dadd.v(6199)
HDL-1007 : elaborate module ** in ../../al_ip/TEMAC_CORE/RTL/TEMAC_CORE_aead6cd6dadd.v(4813)
HDL-1007 : elaborate module ** in ../../al_ip/TEMAC_CORE/RTL/TEMAC_CORE_aead6cd6dadd.v(3988)
HDL-1007 : elaborate module ** in ../../al_ip/TEMAC_CORE/RTL/TEMAC_CORE_aead6cd6dadd.v(225)
HDL-1007 : elaborate module ** in ../../al_ip/TEMAC_CORE/RTL/TEMAC_CORE_aead6cd6dadd.v(3844)
HDL-1007 : elaborate module ** in ../../al_ip/TEMAC_CORE/RTL/TEMAC_CORE_aead6cd6dadd.v(4444)
HDL-1007 : elaborate module ** in ../../al_ip/TEMAC_CORE/RTL/TEMAC_CORE_aead6cd6dadd.v(6947)
HDL-1007 : elaborate module ** in ../../al_ip/TEMAC_CORE/RTL/TEMAC_CORE_aead6cd6dadd.v(6270)
HDL-1007 : elaborate module ** in ../../al_ip/TEMAC_CORE/RTL/TEMAC_CORE_aead6cd6dadd.v(8504)
HDL-1007 : elaborate module ** in ../../al_ip/TEMAC_CORE/RTL/TEMAC_CORE_aead6cd6dadd.v(8272)
HDL-1007 : elaborate module ** in ../../al_ip/TEMAC_CORE/RTL/TEMAC_CORE_aead6cd6dadd.v(4209)
HDL-1007 : elaborate module ** in ../../al_ip/TEMAC_CORE/RTL/TEMAC_CORE_aead6cd6dadd.v(4055)
HDL-1007 : elaborate module ** in ../../al_ip/TEMAC_CORE/RTL/TEMAC_CORE_aead6cd6dadd.v(253)
HDL-1007 : elaborate module ** in ../../al_ip/TEMAC_CORE/RTL/TEMAC_CORE_aead6cd6dadd.v(4147)
HDL-5314 WARNING: net '**' does not have a driver in ../../al_ip/TEMAC_CORE/RTL/TEMAC_CORE_aead6cd6dadd.v(353)
HDL-5314 WARNING: net '**' does not have a driver in ../../al_ip/TEMAC_CORE/RTL/TEMAC_CORE_aead6cd6dadd.v(9517)
HDL-5314 WARNING: net '**' does not have a driver in ../../al_ip/TEMAC_CORE/RTL/TEMAC_CORE_aead6cd6dadd.v(9520)
HDL-5314 WARNING: net '**' does not have a driver in ../../al_ip/TEMAC_CORE/RTL/TEMAC_CORE_aead6cd6dadd.v(9525)
HDL-5314 WARNING: net '**' does not have a driver in ../../al_ip/TEMAC_CORE/RTL/TEMAC_CORE_aead6cd6dadd.v(9526)
HDL-5314 WARNING: net '**' does not have a driver in ../../al_ip/TEMAC_CORE/RTL/TEMAC_CORE_aead6cd6dadd.v(9527)
HDL-5314 WARNING: net '**' does not have a driver in ../../al_ip/TEMAC_CORE/RTL/TEMAC_CORE_aead6cd6dadd.v(9528)
HDL-5007 WARNING: actual bit length 20 differs from formal bit length 85 for port 'mac_cfg_vector' in ../../../../source_code/rtl/temac_block.v(360)
HDL-5323 WARNING: input port 'mac_has_sgmii' remains unconnected for this instance in ../../../../source_code/rtl/temac_block.v(294)
HDL-1007 : elaborate module udp_clk_gen in ../../../../source_code/rtl/temac_clk_gen.v(30)
HDL-1007 : elaborate module tx_client_fifo(DEVICE="EG4") in ../../../../source_code/rtl/tx_client_fifo.v(14)
HDL-1007 : elaborate module RAMB16_S9_S9(DEVICE="EG4") in ../../../../source_code/rtl/RAMB16_S9_S9.v(4)
HDL-1007 : elaborate module EG_LOGIC_BRAM(DATA_WIDTH_B=9,ADDR_WIDTH_A=11,ADDR_WIDTH_B=11,DATA_DEPTH_A=2048,DATA_DEPTH_B=2048,WRITEMODE_A="WRITETHROUGH",WRITEMODE_B="WRITETHROUGH") in D:\Download\TD\arch/eagle_macro.v(986)
HDL-5007 WARNING: actual bit length 32 differs from formal bit length 1 for port 'cea' in ../../../../source_code/rtl/tx_client_fifo.v(1293)
HDL-5007 WARNING: actual bit length 32 differs from formal bit length 1 for port 'web' in ../../../../source_code/rtl/tx_client_fifo.v(1303)
HDL-5007 WARNING: actual bit length 32 differs from formal bit length 1 for port 'cea' in ../../../../source_code/rtl/tx_client_fifo.v(1315)
HDL-5007 WARNING: actual bit length 32 differs from formal bit length 1 for port 'web' in ../../../../source_code/rtl/tx_client_fifo.v(1325)
HDL-5323 WARNING: input port 'dib[8]' remains unconnected for this instance in ../../../../source_code/rtl/tx_client_fifo.v(1291)
HDL-5323 WARNING: input port 'dib[8]' remains unconnected for this instance in ../../../../source_code/rtl/tx_client_fifo.v(1312)
HDL-1007 : elaborate module rx_client_fifo(DEVICE="EG4") in ../../../../source_code/rtl/rx_client_fifo.v(14)
HDL-5007 WARNING: actual bit length 32 differs from formal bit length 1 for port 'cea' in ../../../../source_code/rtl/rx_client_fifo.v(873)
HDL-5007 WARNING: actual bit length 32 differs from formal bit length 1 for port 'web' in ../../../../source_code/rtl/rx_client_fifo.v(883)
HDL-5007 WARNING: actual bit length 32 differs from formal bit length 1 for port 'cea' in ../../../../source_code/rtl/rx_client_fifo.v(894)
HDL-5007 WARNING: actual bit length 32 differs from formal bit length 1 for port 'web' in ../../../../source_code/rtl/rx_client_fifo.v(904)
HDL-5323 WARNING: input port 'dib[8]' remains unconnected for this instance in ../../../../source_code/rtl/rx_client_fifo.v(871)
HDL-5323 WARNING: input port 'dib[8]' remains unconnected for this instance in ../../../../source_code/rtl/rx_client_fifo.v(892)
HDL-5323 WARNING: input port 'mdio_i' remains unconnected for this instance in ../../../../source_code/rtl/board_b_top.v(525)
HDL-1200 : Current top model is board_b_top
HDL-1100 : Inferred 4 RAMs.
RUN-1002 : start command "read_adc ../../../../source_code/constraints/UDP.adc"
RUN-1002 : start command "set_pin_assignment  clk_50   LOCATION = R7; IOSTANDARD = LVCMOS33; PULLTYPE = NONE; "
RUN-1002 : start command "set_pin_assignment  sys_rst_n   LOCATION = A2; IOSTANDARD = LVCMOS33; PULLTYPE = NONE; "
RUN-1002 : start command "set_pin_assignment  led[0]   LOCATION = A4; IOSTANDARD = LVCMOS33; DRIVESTRENGTH = 8; PULLTYPE = NONE; "
RUN-1002 : start command "set_pin_assignment  led[1]   LOCATION = A3; IOSTANDARD = LVCMOS33; DRIVESTRENGTH = 8; PULLTYPE = NONE; "
RUN-1002 : start command "set_pin_assignment  led[2]   LOCATION = C10; IOSTANDARD = LVCMOS33; DRIVESTRENGTH = 8; PULLTYPE = NONE; "
RUN-1002 : start command "set_pin_assignment  phy1_rgmii_rx_clk   LOCATION = T14; IOSTANDARD = LVCMOS25; PULLTYPE = NONE; "
RUN-1002 : start command "set_pin_assignment  phy1_rgmii_rx_ctl   LOCATION = T13; IOSTANDARD = LVCMOS25; PULLTYPE = NONE; "
RUN-1002 : start command "set_pin_assignment  phy1_rgmii_rx_data[0]   LOCATION = P6; IOSTANDARD = LVCMOS25; PULLTYPE = NONE; "
RUN-1002 : start command "set_pin_assignment  phy1_rgmii_rx_data[1]   LOCATION = M6; IOSTANDARD = LVCMOS25; PULLTYPE = NONE; "
RUN-1002 : start command "set_pin_assignment  phy1_rgmii_rx_data[2]   LOCATION = T9; IOSTANDARD = LVCMOS25; PULLTYPE = NONE; "
RUN-1002 : start command "set_pin_assignment  phy1_rgmii_rx_data[3]   LOCATION = N9; IOSTANDARD = LVCMOS25; PULLTYPE = NONE; "
RUN-1002 : start command "set_pin_assignment  phy1_rgmii_tx_clk   LOCATION = T12; IOSTANDARD = LVCMOS25; DRIVESTRENGTH = 16; PULLTYPE = NONE; SLEWRATE = FAST; OUTDEL = 3; "
RUN-1002 : start command "set_pin_assignment  phy1_rgmii_tx_ctl   LOCATION = T7; IOSTANDARD = LVCMOS25; DRIVESTRENGTH = 16; PULLTYPE = NONE; SLEWRATE = FAST; "
RUN-1002 : start command "set_pin_assignment  phy1_rgmii_tx_data[0]   LOCATION = T4; IOSTANDARD = LVCMOS25; DRIVESTRENGTH = 16; PULLTYPE = NONE; SLEWRATE = FAST; "
RUN-1002 : start command "set_pin_assignment  phy1_rgmii_tx_data[1]   LOCATION = T6; IOSTANDARD = LVCMOS25; DRIVESTRENGTH = 16; PULLTYPE = NONE; SLEWRATE = FAST; "
RUN-1002 : start command "set_pin_assignment  phy1_rgmii_tx_data[2]   LOCATION = M7; IOSTANDARD = LVCMOS25; DRIVESTRENGTH = 16; PULLTYPE = NONE; SLEWRATE = FAST; "
RUN-1002 : start command "set_pin_assignment  phy1_rgmii_tx_data[3]   LOCATION = T8; IOSTANDARD = LVCMOS25; DRIVESTRENGTH = 16; PULLTYPE = NONE; SLEWRATE = FAST; "
RUN-1002 : start command "set_pin_assignment  spi_sck   LOCATION = H13; IOSTANDARD = LVCMOS33; DRIVESTRENGTH = 8; PULLTYPE = NONE; "
RUN-1002 : start command "set_pin_assignment  spi_mosi   LOCATION = H14; IOSTANDARD = LVCMOS33; DRIVESTRENGTH = 8; PULLTYPE = NONE; "
RUN-1002 : start command "set_pin_assignment  spi_cs_n   LOCATION = J14; IOSTANDARD = LVCMOS33; DRIVESTRENGTH = 8; PULLTYPE = NONE; "
RUN-1001 : Starting of IO setups legality check.
USR-8001 ERROR: Design contains multiple IOSTANDARD setups on bank 2.
RUN-1001 : Details of conflicted IOStandard on Bank 2:
RUN-1001 : ----------------------------------------
RUN-1001 :         Model Pin        |  IOSTANDARD  
RUN-1001 : ----------------------------------------
RUN-1001 :     phy1_rgmii_rx_clk    |   LVCMOS25   
RUN-1001 :     phy1_rgmii_rx_ctl    |   LVCMOS25   
RUN-1001 :   phy1_rgmii_rx_data[0]  |   LVCMOS25   
RUN-1001 :   phy1_rgmii_rx_data[1]  |   LVCMOS25   
RUN-1001 :   phy1_rgmii_rx_data[2]  |   LVCMOS25   
RUN-1001 :   phy1_rgmii_rx_data[3]  |   LVCMOS25   
RUN-1001 :     phy1_rgmii_tx_clk    |   LVCMOS25   
RUN-1001 :     phy1_rgmii_tx_ctl    |   LVCMOS25   
RUN-1001 :   phy1_rgmii_tx_data[0]  |   LVCMOS25   
RUN-1001 :   phy1_rgmii_tx_data[1]  |   LVCMOS25   
RUN-1001 :   phy1_rgmii_tx_data[2]  |   LVCMOS25   
RUN-1001 :   phy1_rgmii_tx_data[3]  |   LVCMOS25   
RUN-1001 :          clk_50          |   LVCMOS33   
RUN-1001 : ----------------------------------------
